INFO 2025-12-02T18:06:26 BUY user='alice' currency='BTC' amount=0.0500 rate=59337.21 base='USD' result=OK
INFO 2025-12-02T18:06:53 SELL user='alice' currency='BTC' amount=0.0100 rate=59337.21 base='USD' result=OK
ERROR 2025-12-02T18:47:39 BUY user='unknown' currency='None' amount=None rate=None base='USD' result=ERROR
ERROR 2025-12-02T18:50:58 BUY user='unknown' currency='None' amount=None rate=None base='USD' result=ERROR
INFO 2025-12-02T18:54:58 BUY user='alice' currency='BTC' amount=0.0500 rate=59337.21 base='USD' result=OK
ERROR 2025-12-02T18:55:07 SELL user='unknown' currency='None' amount=None rate=None base='USD' result=ERROR
INFO 2025-12-02T19:00:35 BUY user='alice' currency='BTC' amount=0.0500 rate=59337.21 base='USD' result=OK
ERROR 2025-12-02T19:00:50 SELL user='unknown' currency='None' amount=None rate=None base='USD' result=ERROR
INFO 2025-12-02T19:03:43 SELL user='alice' currency='BTC' amount=0.0100 rate=59337.21 base='USD' result=OK
INFO 2025-12-03T19:26:35 update-rates user='None' currency='None' amount=None rate=None base='None' result=None
INFO 2025-12-03T19:29:20 update-rates user='None' currency='None' amount=None rate=None base='None' result=None
INFO 2025-12-03T19:32:34 update-rates user='None' currency='None' amount=None rate=None base='None' result=None
ERROR 2025-12-03T19:32:59 update-rates user='None' currency='None' amount=None rate=None base='None' result=failed
INFO 2025-12-03T19:39:33 update-rates user='None' currency='None' amount=None rate=None base='None' result=None
ERROR 2025-12-03T19:39:34 update-rates user='None' currency='None' amount=None rate=None base='None' result=failed
INFO 2025-12-03T19:45:30 update-rates user='None' currency='None' amount=None rate=None base='None' result=None
ERROR 2025-12-03T19:45:31 update-rates user='None' currency='None' amount=None rate=None base='None' result=failed
INFO 2025-12-03T19:51:51 update-rates user='None' currency='None' amount=None rate=None base='None' result=None
ERROR 2025-12-03T19:51:52 update-rates user='None' currency='None' amount=None rate=None base='None' result=failed
INFO 2025-12-03T19:54:37 update-rates user='None' currency='None' amount=None rate=None base='None' result=None
ERROR 2025-12-03T19:54:37 update-rates user='None' currency='None' amount=None rate=None base='None' result=failed
INFO 2025-12-03T20:01:51 update-rates user='None' currency='None' amount=None rate=None base='None' result=None
ERROR 2025-12-03T20:01:52 update-rates user='None' currency='None' amount=None rate=None base='None' result=failed
INFO 2025-12-03T20:05:24 update-rates user='None' currency='None' amount=None rate=None base='None' result=None
ERROR 2025-12-03T20:05:24 update-rates user='None' currency='None' amount=None rate=None base='None' result=failed
INFO 2025-12-03T20:15:54 update-rates user='None' currency='None' amount=None rate=None base='None' result=None
INFO 2025-12-03T20:15:55 update-rates user='None' currency='None' amount=None rate=None base='None' result=success
INFO 2025-12-03T20:21:50 update-rates user='None' currency='None' amount=None rate=None base='None' result=None
INFO 2025-12-03T20:21:51 update-rates user='None' currency='None' amount=None rate=None base='None' result=success
ERROR 2025-12-04T16:04:52 BUY user='unknown' currency='None' amount=None rate=None base='USD' result=ERROR
ERROR 2025-12-04T16:05:04 SELL user='unknown' currency='None' amount=None rate=None base='USD' result=ERROR
ERROR 2025-12-04T16:06:20 BUY user='unknown' currency='None' amount=None rate=None base='USD' result=ERROR
ERROR 2025-12-04T16:07:00 SELL user='unknown' currency='None' amount=None rate=None base='USD' result=ERROR
INFO 2025-12-04T16:20:43 BUY user='alice' currency='BTC' amount=0.0500 rate=92668.00 base='USD' result=OK
ERROR 2025-12-04T16:21:06 BUY user='unknown' currency='None' amount=None rate=None base='USD' result=ERROR
ERROR 2025-12-04T16:21:13 BUY user='unknown' currency='None' amount=None rate=None base='USD' result=ERROR
INFO 2025-12-04T16:21:27 SELL user='alice' currency='BTC' amount=0.0100 rate=92668.00 base='USD' result=OK
ERROR 2025-12-04T16:21:38 SELL user='unknown' currency='None' amount=None rate=None base='USD' result=ERROR
ERROR 2025-12-04T16:21:46 SELL user='unknown' currency='None' amount=None rate=None base='USD' result=ERROR
INFO 2025-12-04T16:46:52 BUY user='alice' currency='BTC' amount=0.0500 rate=92754.00 base='USD' result=OK
ERROR 2025-12-04T16:47:00 BUY user='unknown' currency='None' amount=None rate=None base='USD' result=ERROR
ERROR 2025-12-04T16:47:44 BUY user='unknown' currency='None' amount=None rate=None base='USD' result=ERROR
ERROR 2025-12-04T16:47:55 BUY user='unknown' currency='None' amount=None rate=None base='USD' result=ERROR
ERROR 2025-12-04T16:48:09 BUY user='unknown' currency='None' amount=None rate=None base='USD' result=ERROR
INFO 2026-01-08T15:52:40 BUY user='alice' currency='BTC' amount=0.0500 rate=92754.00 base='USD' result=OK
ERROR 2026-01-08T15:52:53 SELL user='unknown' currency='None' amount=None rate=None base='USD' result=ERROR
ERROR 2026-01-08T16:15:32 SELL user='unknown' currency='None' amount=None rate=None base='USD' result=ERROR
ERROR 2026-01-08T16:16:23 SELL user='unknown' currency='None' amount=None rate=None base='USD' result=ERROR
ERROR 2026-01-08T16:22:12 SELL user='unknown' currency='None' amount=None rate=None base='USD' result=ERROR
INFO 2026-01-08T16:37:31 SELL user='alice' currency='USD' amount=100.0000 rate=1.00 base='USD' result=OK
INFO 2026-01-08T16:41:48 SELL user='alice' currency='USD' amount=100.0000 rate=1.00 base='USD' result=OK
INFO 2026-01-08T17:55:13 BUY user='alice' currency='BTC' amount=0.0500 rate=89901.00 base='USD' result=OK
INFO 2026-01-08T17:55:23 SELL user='alice' currency='USD' amount=100.0000 rate=1.00 base='USD' result=OK
ERROR 2026-01-08T18:11:28 BUY user='unknown' currency='None' amount=None rate=None base='USD' result=ERROR
ERROR 2026-01-08T18:13:37 BUY user='unknown' currency='None' amount=None rate=None base='USD' result=ERROR
ERROR 2026-01-08T18:13:56 BUY user='unknown' currency='None' amount=None rate=None base='USD' result=ERROR
ERROR 2026-01-08T18:14:36 BUY user='unknown' currency='None' amount=None rate=None base='USD' result=ERROR
ERROR 2026-01-08T18:15:30 BUY user='unknown' currency='None' amount=None rate=None base='USD' result=ERROR
ERROR 2026-01-08T18:17:02 BUY user='unknown' currency='None' amount=None rate=None base='USD' result=ERROR
ERROR 2026-01-08T18:17:10 BUY user='unknown' currency='None' amount=None rate=None base='USD' result=ERROR
